// Jest Snapshot v1, https://goo.gl/fbAQLP

exports[`<Submit /> renders components 1`] = `
<div
  class="containter"
>
  <form />
</div>
`;
