// Jest Snapshot v1, https://goo.gl/fbAQLP

exports[`<Form /> renders components 1`] = `
<div
  class="form-submit_Container"
/>
`;
