// Jest Snapshot v1, https://goo.gl/fbAQLP

exports[`component content should match snapshot of test div. 1`] = `
<div
  className="containter"
>
  <Libcomp />
</div>
`;
